Philosopher 0 THINKING
Philosopher 3 THINKING
Philosopher 4 THINKING
Philosopher 1 THINKING
Philosopher 2 THINKING
Philosopher 0 HUNGRY
Philosopher 0 ready to eat
Philosopher 0 EATING
Philosopher 3 HUNGRY
Philosopher 3 ready to eat
Philosopher 3 EATING
Philosopher 4 HUNGRY
Philosopher 4 HUNGRY and waiting for forks
Philosopher 1 HUNGRY
Philosopher 1 HUNGRY and waiting for forks
Philosopher 2 HUNGRY
Philosopher 2 HUNGRY and waiting for forks
Philosopher 0 released left fork
Philosopher 0 released right fork
Philosopher 0 THINKING
Philosopher 4 HUNGRY and waiting for forks
Philosopher 1 ready to eat
Philosopher 1 EATING
Philosopher 3 released left fork
Philosopher 3 released right fork
Philosopher 3 THINKING
Philosopher 4 ready to eat
Philosopher 4 EATING
Philosopher 2 HUNGRY and waiting for forks
Philosopher 1 released left fork
Philosopher 1 released right fork
Philosopher 1 THINKING
Philosopher 0 HUNGRY
Philosopher 0 HUNGRY and waiting for forks
Philosopher 3 HUNGRY
Philosopher 3 HUNGRY and waiting for forks
Philosopher 2 ready to eat
Philosopher 2 EATING
Philosopher 4 released left fork
Philosopher 4 released right fork
Philosopher 4 THINKING
Philosopher 3 HUNGRY and waiting for forks
Philosopher 0 ready to eat
Philosopher 0 EATING
Philosopher 1 HUNGRY
Philosopher 1 HUNGRY and waiting for forks
Philosopher 2 released left fork
Philosopher 2 released right fork
Philosopher 2 THINKING
Philosopher 1 HUNGRY and waiting for forks
Philosopher 4 HUNGRY
Philosopher 4 HUNGRY and waiting for forks
Philosopher 3 ready to eat
Philosopher 3 EATING
Philosopher 0 released left fork
Philosopher 0 released right fork
Philosopher 0 THINKING
Philosopher 1 ready to eat
Philosopher 1 EATING
Philosopher 4 HUNGRY and waiting for forks
Philosopher 2 HUNGRY
Philosopher 2 HUNGRY and waiting for forks
Philosopher 3 released left fork
Philosopher 3 released right fork
Philosopher 3 THINKING
Philosopher 0 HUNGRY
Philosopher 0 HUNGRY and waiting for forks
Philosopher 4 ready to eat
Philosopher 4 EATING
Philosopher 1 released left fork
Philosopher 1 released right fork
Philosopher 1 THINKING
Philosopher 2 ready to eat
Philosopher 2 EATING
Philosopher 0 HUNGRY and waiting for forks
Philosopher 3 HUNGRY
Philosopher 3 HUNGRY and waiting for forks
Philosopher 4 released left fork
Philosopher 4 released right fork
Philosopher 4 THINKING
Philosopher 1 HUNGRY
Philosopher 1 HUNGRY and waiting for forks
Philosopher 3 HUNGRY and waiting for forks
Philosopher 0 ready to eat
Philosopher 0 EATING
Philosopher 2 released left fork
Philosopher 2 released right fork
Philosopher 2 THINKING
Philosopher 1 HUNGRY and waiting for forks
Philosopher 3 ready to eat
Philosopher 3 EATING
Philosopher 4 HUNGRY
Philosopher 4 HUNGRY and waiting for forks
Philosopher 0 released left fork
Philosopher 0 released right fork
Philosopher 0 finished its turns. Leaving table...
Philosopher 2 HUNGRY
Philosopher 2 HUNGRY and waiting for forks
Philosopher 4 HUNGRY and waiting for forks
Philosopher 1 ready to eat
Philosopher 1 EATING
Philosopher 3 released left fork
Philosopher 3 released right fork
Philosopher 3 finished its turns. Leaving table...
Philosopher 4 ready to eat
Philosopher 4 EATING
Philosopher 2 HUNGRY and waiting for forks
Philosopher 1 released left fork
Philosopher 1 released right fork
Philosopher 1 finished its turns. Leaving table...
Philosopher 4 released left fork
Philosopher 4 released right fork
Philosopher 4 finished its turns. Leaving table...
Philosopher 2 ready to eat
Philosopher 2 EATING
Philosopher 2 released left fork
Philosopher 2 released right fork
Philosopher 2 finished its turns. Leaving table...
